C:\Users\709359\Documents\Vezorla\vezorla-backend\src\main\java\ca\sait\vezorla\exception\UnauthorizedException.java
C:\Users\709359\Documents\Vezorla\vezorla-backend\src\main\java\ca\sait\vezorla\repository\ImageRepo.java
C:\Users\709359\Documents\Vezorla\vezorla-backend\src\main\java\ca\sait\vezorla\service\AccountServices.java
C:\Users\709359\Documents\Vezorla\vezorla-backend\src\main\java\ca\sait\vezorla\model\Image.java
C:\Users\709359\Documents\Vezorla\vezorla-backend\src\main\java\ca\sait\vezorla\model\AccountDiscount.java
C:\Users\709359\Documents\Vezorla\vezorla-backend\src\main\java\ca\sait\vezorla\exception\ProductAlreadyExistsException.java
C:\Users\709359\Documents\Vezorla\vezorla-backend\src\main\java\ca\sait\vezorla\repository\ProductRepo.java
C:\Users\709359\Documents\Vezorla\vezorla-backend\src\main\java\ca\sait\vezorla\model\Lot.java
C:\Users\709359\Documents\Vezorla\vezorla-backend\src\main\java\ca\sait\vezorla\repository\DiscountRepo.java
C:\Users\709359\Documents\Vezorla\vezorla-backend\src\main\java\ca\sait\vezorla\service\AuthenticationServicesImp.java
C:\Users\709359\Documents\Vezorla\vezorla-backend\src\main\java\ca\sait\vezorla\controller\util\CustomerClientUtil.java
C:\Users\709359\Documents\Vezorla\vezorla-backend\src\main\java\ca\sait\vezorla\model\Warehouse.java
C:\Users\709359\Documents\Vezorla\vezorla-backend\src\main\java\ca\sait\vezorla\exception\OutOfStockException.java
C:\Users\709359\Documents\Vezorla\vezorla-backend\src\main\java\ca\sait\vezorla\model\Invoice.java
C:\Users\709359\Documents\Vezorla\vezorla-backend\src\main\java\ca\sait\vezorla\service\AccountServicesImp.java
C:\Users\709359\Documents\Vezorla\vezorla-backend\src\main\java\ca\sait\vezorla\controller\AuthenticationRestController.java
C:\Users\709359\Documents\Vezorla\vezorla-backend\src\main\java\ca\sait\vezorla\service\AdminServices.java
C:\Users\709359\Documents\Vezorla\vezorla-backend\src\main\java\ca\sait\vezorla\model\Account.java
C:\Users\709359\Documents\Vezorla\vezorla-backend\src\main\java\ca\sait\vezorla\repository\AccountDiscountRepo.java
C:\Users\709359\Documents\Vezorla\vezorla-backend\src\main\java\ca\sait\vezorla\controller\AdminRestController.java
C:\Users\709359\Documents\Vezorla\vezorla-backend\src\main\java\ca\sait\vezorla\repository\LineItemRepo.java
C:\Users\709359\Documents\Vezorla\vezorla-backend\src\main\java\ca\sait\vezorla\service\EmailServices.java
C:\Users\709359\Documents\Vezorla\vezorla-backend\src\main\java\ca\sait\vezorla\repository\AccountRepo.java
C:\Users\709359\Documents\Vezorla\vezorla-backend\src\main\java\ca\sait\vezorla\service\AdminServicesImp.java
C:\Users\709359\Documents\Vezorla\vezorla-backend\src\main\java\ca\sait\vezorla\service\UserServices.java
C:\Users\709359\Documents\Vezorla\vezorla-backend\src\main\java\ca\sait\vezorla\model\Discount.java
C:\Users\709359\Documents\Vezorla\vezorla-backend\src\main\java\ca\sait\vezorla\service\AuthenticationServices.java
C:\Users\709359\Documents\Vezorla\vezorla-backend\src\main\java\ca\sait\vezorla\repository\CartRepo.java
C:\Users\709359\Documents\Vezorla\vezorla-backend\src\main\java\ca\sait\vezorla\service\UserServicesImp.java
C:\Users\709359\Documents\Vezorla\vezorla-backend\src\main\java\ca\sait\vezorla\controller\ClientRestController.java
C:\Users\709359\Documents\Vezorla\vezorla-backend\src\main\java\ca\sait\vezorla\service\EmailServicesImp.java
C:\Users\709359\Documents\Vezorla\vezorla-backend\src\main\java\ca\sait\vezorla\exception\AccountNotFoundException.java
C:\Users\709359\Documents\Vezorla\vezorla-backend\src\main\java\ca\sait\vezorla\exception\InvalidInputException.java
C:\Users\709359\Documents\Vezorla\vezorla-backend\src\main\java\ca\sait\vezorla\model\LineItem.java
C:\Users\709359\Documents\Vezorla\vezorla-backend\src\main\java\ca\sait\vezorla\VezorlaApplication.java
C:\Users\709359\Documents\Vezorla\vezorla-backend\src\main\java\ca\sait\vezorla\repository\InvoiceRepo.java
C:\Users\709359\Documents\Vezorla\vezorla-backend\src\main\java\ca\sait\vezorla\exception\PasswordMismatchException.java
C:\Users\709359\Documents\Vezorla\vezorla-backend\src\main\java\ca\sait\vezorla\model\Product.java
C:\Users\709359\Documents\Vezorla\vezorla-backend\src\main\java\ca\sait\vezorla\util\HttpSessionConfig.java
C:\Users\709359\Documents\Vezorla\vezorla-backend\src\main\java\ca\sait\vezorla\exception\UnableToSaveException.java
C:\Users\709359\Documents\Vezorla\vezorla-backend\src\main\java\ca\sait\vezorla\repository\LotRepo.java
C:\Users\709359\Documents\Vezorla\vezorla-backend\src\main\java\ca\sait\vezorla\controller\CustomerRestController.java
C:\Users\709359\Documents\Vezorla\vezorla-backend\src\main\java\ca\sait\vezorla\model\PurchaseOrder.java
C:\Users\709359\Documents\Vezorla\vezorla-backend\src\main\java\ca\sait\vezorla\model\Cart.java
C:\Users\709359\Documents\Vezorla\vezorla-backend\src\main\java\ca\sait\vezorla\repository\PurchaseOrderRepo.java
C:\Users\709359\Documents\Vezorla\vezorla-backend\src\main\java\ca\sait\vezorla\repository\WarehouseRepo.java
